
> vite_react_shadcn_ts@0.0.0 build
> vite build

[36mvite v5.4.19 [32mbuilding for production...[36m[39m
transforming...
node.exe : Browserslist: browsers data (caniuse-lite) is 10 months old. Please run:
At line:1 char:1
+ & "D:\FRONTEND\NODE.JS/node.exe" "D:\FRONTEND\NODE.JS/node_modules/np ...
+ ~~~~~~~~~~~~~~~~~~~~~~~~~~~~~~~~~~~~~~~~~~~~~~~~~~~~~~~~~~~~~~~~~~~~~
    + CategoryInfo          : NotSpecified: (Browserslist: b...ld. Please run::String) [], RemoteException
    + FullyQualifiedErrorId : NativeCommandError
 
  npx update-browserslist-db@latest
  Why you should do it regularly: https://github.com/browserslist/update-db#readme
[32mΓ£ô[39m 1729 modules transformed.
[31mx[39m Build failed in 2.66s
[31merror during build:
[31msrc/pages/Index.tsx (10:7): "default" is not exported by "src/components/BookingModal.tsx", imported by 
"src/pages/Index.tsx".[31m
file: [36mD:/4) projects/websites projects/AI web projects/alexandria-barber-book/src/pages/Index.tsx:10:7[31m
[33m
 8: import AboutSection from "@/components/AboutSection";
 9: import Footer from "@/components/Footer";
10: import BookingModal from "@/components/BookingModal";
           ^
11: import BookingTracker from "@/components/BookingTracker";
12: import WhatsAppButton from "@/components/WhatsAppButton";
[31m
    at getRollupError (file:///D:/4)%20projects/websites%20projects/AI%20web%20projects/alexandria-barber-book/node_mod
ules/rollup/dist/es/shared/parseAst.js:395:41)
    at error (file:///D:/4)%20projects/websites%20projects/AI%20web%20projects/alexandria-barber-book/node_modules/roll
up/dist/es/shared/parseAst.js:391:42)
    at Module.error (file:///D:/4)%20projects/websites%20projects/AI%20web%20projects/alexandria-barber-book/node_modul
es/rollup/dist/es/shared/node-entry.js:15535:16)
    at Module.traceVariable (file:///D:/4)%20projects/websites%20projects/AI%20web%20projects/alexandria-barber-book/no
de_modules/rollup/dist/es/shared/node-entry.js:15984:29)
    at ModuleScope.findVariable (file:///D:/4)%20projects/websites%20projects/AI%20web%20projects/alexandria-barber-boo
k/node_modules/rollup/dist/es/shared/node-entry.js:13770:39)
    at FunctionScope.findVariable (file:///D:/4)%20projects/websites%20projects/AI%20web%20projects/alexandria-barber-b
ook/node_modules/rollup/dist/es/shared/node-entry.js:5252:38)
    at FunctionBodyScope.findVariable (file:///D:/4)%20projects/websites%20projects/AI%20web%20projects/alexandria-barb
er-book/node_modules/rollup/dist/es/shared/node-entry.js:5252:38)
    at Identifier.bind (file:///D:/4)%20projects/websites%20projects/AI%20web%20projects/alexandria-barber-book/node_mo
dules/rollup/dist/es/shared/node-entry.js:5035:40)
    at CallExpression.bind (file:///D:/4)%20projects/websites%20projects/AI%20web%20projects/alexandria-barber-book/nod
e_modules/rollup/dist/es/shared/node-entry.js:2851:28)
    at CallExpression.bind (file:///D:/4)%20projects/websites%20projects/AI%20web%20projects/alexandria-barber-book/nod
e_modules/rollup/dist/es/shared/node-entry.js:11235:15)[39m
